// Jest Snapshot v1, https://goo.gl/fbAQLP

exports[`pruebas al componente GifGrid debe mostrar todas las categorias 1`] = `
<Fragment>
  <h3
    className="animate__animated animate__fadeIn"
  >
     
    ##11@@@
     
  </h3>
  <p
    className="animate__animated animate__flash"
  >
    Loading
  </p>
  <div
    className="card-grid"
  />
</Fragment>
`;
